[2026-01-05T16:23:48.090Z] [CLIENT_CRASH] Cannot read properties of undefined (reading 'includes')
TypeError: Cannot read properties of undefined (reading 'includes')
    at http://localhost:3000/_next/static/chunks/src_4c58e78b._.js:1211:82
    at Array.map (<anonymous>)
    at SettingsModal (http://localhost:3000/_next/static/chunks/src_4c58e78b._.js:1210:199)
    at Object.react_stack_bottom_frame (http://localhost:3000/_next/static/chunks/node_modules_next_dist_compiled_react-dom_1e674e59._.js:14826:24)
    at renderWithHooks (http://localhost:3000/_next/static/chunks/node_modules_next_dist_compiled_react-dom_1e674e59._.js:4651:24)
    at updateFunctionComponent (http://localhost:3000/_next/static/chunks/node_modules_next_dist_compiled_react-dom_1e674e59._.js:6112:21)
    at beginWork (http://localhost:3000/_next/static/chunks/node_modules_next_dist_compiled_react-dom_1e674e59._.js:6708:24)
    at runWithFiberInDEV (http://localhost:3000/_next/static/chunks/node_modules_next_dist_compiled_react-dom_1e674e59._.js:965:74)
    at performUnitOfWork (http://localhost:3000/_next/static/chunks/node_modules_next_dist_compiled_react-dom_1e674e59._.js:9562:97)
    at workLoopSync (http://localhost:3000/_next/static/chunks/node_modules_next_dist_compiled_react-dom_1e674e59._.js:9456:40)
    at renderRootSync (http://localhost:3000/_next/static/chunks/node_modules_next_dist_compiled_react-dom_1e674e59._.js:9440:13)
    at performWorkOnRoot (http://localhost:3000/_next/static/chunks/node_modules_next_dist_compiled_react-dom_1e674e59._.js:9105:47)
    at performSyncWorkOnRoot (http://localhost:3000/_next/static/chunks/node_modules_next_dist_compiled_react-dom_1e674e59._.js:10238:9)
    at flushSyncWorkAcrossRoots_impl (http://localhost:3000/_next/static/chunks/node_modules_next_dist_compiled_react-dom_1e674e59._.js:10154:316)
    at processRootScheduleInMicrotask (http://localhost:3000/_next/static/chunks/node_modules_next_dist_compiled_react-dom_1e674e59._.js:10175:106)
    at http://localhost:3000/_next/static/chunks/node_modules_next_dist_compiled_react-dom_1e674e59._.js:10249:158
Component Stack:

    at SettingsModal (http://localhost:3000/_next/static/chunks/src_4c58e78b._.js:732:26)
    at div (<anonymous>)
    at Home (http://localhost:3000/_next/static/chunks/src_4c58e78b._.js:1903:227)
    at ClientPageRoot (http://localhost:3000/_next/static/chunks/node_modules_next_dist_be32b49c._.js:2358:27)
    at SegmentViewNode (http://localhost:3000/_next/static/chunks/node_modules_next_dist_f3530cac._.js:3309:28)
    at InnerLayoutRouter (http://localhost:3000/_next/static/chunks/node_modules_next_dist_be32b49c._.js:351:34)
    at RedirectErrorBoundary (http://localhost:3000/_next/static/chunks/node_modules_next_dist_client_17643121._.js:10147:9)
    at RedirectBoundary (http://localhost:3000/_next/static/chunks/node_modules_next_dist_client_17643121._.js:10189:29)
    at HTTPAccessFallbackErrorBoundary (http://localhost:3000/_next/static/chunks/node_modules_next_dist_client_17643121._.js:10575:9)
    at HTTPAccessFallbackBoundary (http://localhost:3000/_next/static/chunks/node_modules_next_dist_client_17643121._.js:10650:39)
    at LoadingBoundary (http://localhost:3000/_next/static/chunks/node_modules_next_dist_be32b49c._.js:433:32)
    at ErrorBoundary (http://localhost:3000/_next/static/chunks/node_modules_next_dist_client_17643121._.js:1096:26)
    at InnerScrollAndFocusHandler (http://localhost:3000/_next/static/chunks/node_modules_next_dist_be32b49c._.js:251:9)
    at ScrollAndFocusHandler (http://localhost:3000/_next/static/chunks/node_modules_next_dist_be32b49c._.js:334:34)
    at RenderFromTemplateContext (http://localhost:3000/_next/static/chunks/node_modules_next_dist_be32b49c._.js:696:44)
    at SegmentStateProvider (http://localhost:3000/_next/static/chunks/node_modules_next_dist_f3530cac._.js:3325:33)
    at OuterLayoutRouter (http://localhost:3000/_next/static/chunks/node_modules_next_dist_be32b49c._.js:469:30)
    at GlobalErrorBoundary (http://localhost:3000/_next/static/chunks/_e37b0a20._.js:16:9)
    at body (<anonymous>)
    at html (<anonymous>)
    at RootLayout [Server] (<anonymous>)
    at SegmentViewNode (http://localhost:3000/_next/static/chunks/node_modules_next_dist_f3530cac._.js:3309:28)
    at __next_root_layout_boundary__ (http://localhost:3000/_next/static/chunks/node_modules_next_dist_f3530cac._.js:1681:64)
    at RedirectErrorBoundary (http://localhost:3000/_next/static/chunks/node_modules_next_dist_client_17643121._.js:10147:9)
    at RedirectBoundary (http://localhost:3000/_next/static/chunks/node_modules_next_dist_client_17643121._.js:10189:29)
    at HTTPAccessFallbackErrorBoundary (http://localhost:3000/_next/static/chunks/node_modules_next_dist_client_17643121._.js:10575:9)
    at HTTPAccessFallbackBoundary (http://localhost:3000/_next/static/chunks/node_modules_next_dist_client_17643121._.js:10650:39)
    at DevRootHTTPAccessFallbackBoundary (http://localhost:3000/_next/static/chunks/node_modules_next_dist_client_17643121._.js:10719:46)
    at AppDevOverlayErrorBoundary (http://localhost:3000/_next/static/chunks/node_modules_next_dist_f3530cac._.js:3420:9)
    at HotReload (http://localhost:3000/_next/static/chunks/node_modules_next_dist_client_17643121._.js:11748:22)
    at Router (http://localhost:3000/_next/static/chunks/node_modules_next_dist_client_17643121._.js:11904:23)
    at ErrorBoundaryHandler (http://localhost:3000/_next/static/chunks/node_modules_next_dist_client_17643121._.js:1030:9)
    at ErrorBoundary (http://localhost:3000/_next/static/chunks/node_modules_next_dist_client_17643121._.js:1096:26)
    at RootErrorBoundary (http://localhost:3000/_next/static/chunks/node_modules_next_dist_client_17643121._.js:10401:30)
    at AppRouter (http://localhost:3000/_next/static/chunks/node_modules_next_dist_client_17643121._.js:12223:22)
    at ServerRoot (http://localhost:3000/_next/static/chunks/node_modules_next_dist_client_17643121._.js:12582:23)
    at Root (http://localhost:3000/_next/static/chunks/node_modules_next_dist_client_17643121._.js:12600:17)
-----------------------------------
[2026-01-05T16:23:52.876Z] [CLIENT_CRASH] Cannot read properties of undefined (reading 'includes')
TypeError: Cannot read properties of undefined (reading 'includes')
    at http://localhost:3000/_next/static/chunks/src_4c58e78b._.js:1211:82
    at Array.map (<anonymous>)
    at SettingsModal (http://localhost:3000/_next/static/chunks/src_4c58e78b._.js:1210:199)
    at Object.react_stack_bottom_frame (http://localhost:3000/_next/static/chunks/node_modules_next_dist_compiled_react-dom_1e674e59._.js:14826:24)
    at renderWithHooks (http://localhost:3000/_next/static/chunks/node_modules_next_dist_compiled_react-dom_1e674e59._.js:4651:24)
    at updateFunctionComponent (http://localhost:3000/_next/static/chunks/node_modules_next_dist_compiled_react-dom_1e674e59._.js:6112:21)
    at beginWork (http://localhost:3000/_next/static/chunks/node_modules_next_dist_compiled_react-dom_1e674e59._.js:6708:24)
    at runWithFiberInDEV (http://localhost:3000/_next/static/chunks/node_modules_next_dist_compiled_react-dom_1e674e59._.js:965:74)
    at performUnitOfWork (http://localhost:3000/_next/static/chunks/node_modules_next_dist_compiled_react-dom_1e674e59._.js:9562:97)
    at workLoopSync (http://localhost:3000/_next/static/chunks/node_modules_next_dist_compiled_react-dom_1e674e59._.js:9456:40)
    at renderRootSync (http://localhost:3000/_next/static/chunks/node_modules_next_dist_compiled_react-dom_1e674e59._.js:9440:13)
    at performWorkOnRoot (http://localhost:3000/_next/static/chunks/node_modules_next_dist_compiled_react-dom_1e674e59._.js:9105:47)
    at performSyncWorkOnRoot (http://localhost:3000/_next/static/chunks/node_modules_next_dist_compiled_react-dom_1e674e59._.js:10238:9)
    at flushSyncWorkAcrossRoots_impl (http://localhost:3000/_next/static/chunks/node_modules_next_dist_compiled_react-dom_1e674e59._.js:10154:316)
    at processRootScheduleInMicrotask (http://localhost:3000/_next/static/chunks/node_modules_next_dist_compiled_react-dom_1e674e59._.js:10175:106)
    at http://localhost:3000/_next/static/chunks/node_modules_next_dist_compiled_react-dom_1e674e59._.js:10249:158
Component Stack:

    at SettingsModal (http://localhost:3000/_next/static/chunks/src_4c58e78b._.js:732:26)
    at div (<anonymous>)
    at Home (http://localhost:3000/_next/static/chunks/src_4c58e78b._.js:1903:227)
    at ClientPageRoot (http://localhost:3000/_next/static/chunks/node_modules_next_dist_be32b49c._.js:2358:27)
    at SegmentViewNode (http://localhost:3000/_next/static/chunks/node_modules_next_dist_f3530cac._.js:3309:28)
    at InnerLayoutRouter (http://localhost:3000/_next/static/chunks/node_modules_next_dist_be32b49c._.js:351:34)
    at RedirectErrorBoundary (http://localhost:3000/_next/static/chunks/node_modules_next_dist_client_17643121._.js:10147:9)
    at RedirectBoundary (http://localhost:3000/_next/static/chunks/node_modules_next_dist_client_17643121._.js:10189:29)
    at HTTPAccessFallbackErrorBoundary (http://localhost:3000/_next/static/chunks/node_modules_next_dist_client_17643121._.js:10575:9)
    at HTTPAccessFallbackBoundary (http://localhost:3000/_next/static/chunks/node_modules_next_dist_client_17643121._.js:10650:39)
    at LoadingBoundary (http://localhost:3000/_next/static/chunks/node_modules_next_dist_be32b49c._.js:433:32)
    at ErrorBoundary (http://localhost:3000/_next/static/chunks/node_modules_next_dist_client_17643121._.js:1096:26)
    at InnerScrollAndFocusHandler (http://localhost:3000/_next/static/chunks/node_modules_next_dist_be32b49c._.js:251:9)
    at ScrollAndFocusHandler (http://localhost:3000/_next/static/chunks/node_modules_next_dist_be32b49c._.js:334:34)
    at RenderFromTemplateContext (http://localhost:3000/_next/static/chunks/node_modules_next_dist_be32b49c._.js:696:44)
    at SegmentStateProvider (http://localhost:3000/_next/static/chunks/node_modules_next_dist_f3530cac._.js:3325:33)
    at OuterLayoutRouter (http://localhost:3000/_next/static/chunks/node_modules_next_dist_be32b49c._.js:469:30)
    at GlobalErrorBoundary (http://localhost:3000/_next/static/chunks/_e37b0a20._.js:16:9)
    at body (<anonymous>)
    at html (<anonymous>)
    at RootLayout [Server] (<anonymous>)
    at SegmentViewNode (http://localhost:3000/_next/static/chunks/node_modules_next_dist_f3530cac._.js:3309:28)
    at __next_root_layout_boundary__ (http://localhost:3000/_next/static/chunks/node_modules_next_dist_f3530cac._.js:1681:64)
    at RedirectErrorBoundary (http://localhost:3000/_next/static/chunks/node_modules_next_dist_client_17643121._.js:10147:9)
    at RedirectBoundary (http://localhost:3000/_next/static/chunks/node_modules_next_dist_client_17643121._.js:10189:29)
    at HTTPAccessFallbackErrorBoundary (http://localhost:3000/_next/static/chunks/node_modules_next_dist_client_17643121._.js:10575:9)
    at HTTPAccessFallbackBoundary (http://localhost:3000/_next/static/chunks/node_modules_next_dist_client_17643121._.js:10650:39)
    at DevRootHTTPAccessFallbackBoundary (http://localhost:3000/_next/static/chunks/node_modules_next_dist_client_17643121._.js:10719:46)
    at AppDevOverlayErrorBoundary (http://localhost:3000/_next/static/chunks/node_modules_next_dist_f3530cac._.js:3420:9)
    at HotReload (http://localhost:3000/_next/static/chunks/node_modules_next_dist_client_17643121._.js:11748:22)
    at Router (http://localhost:3000/_next/static/chunks/node_modules_next_dist_client_17643121._.js:11904:23)
    at ErrorBoundaryHandler (http://localhost:3000/_next/static/chunks/node_modules_next_dist_client_17643121._.js:1030:9)
    at ErrorBoundary (http://localhost:3000/_next/static/chunks/node_modules_next_dist_client_17643121._.js:1096:26)
    at RootErrorBoundary (http://localhost:3000/_next/static/chunks/node_modules_next_dist_client_17643121._.js:10401:30)
    at AppRouter (http://localhost:3000/_next/static/chunks/node_modules_next_dist_client_17643121._.js:12223:22)
    at ServerRoot (http://localhost:3000/_next/static/chunks/node_modules_next_dist_client_17643121._.js:12582:23)
    at Root (http://localhost:3000/_next/static/chunks/node_modules_next_dist_client_17643121._.js:12600:17)
-----------------------------------
[2026-01-05T16:28:11.756Z] [CLIENT_CRASH] Module [project]/node_modules/lucide-react/dist/esm/icons/music-2.js [app-client] (ecmascript) <export default as Music2> was instantiated because it was required from module [project]/src/components/SettingsModal.tsx [app-client] (ecmascript), but the module factory is not available. It might have been deleted in an HMR update.
Error: Module [project]/node_modules/lucide-react/dist/esm/icons/music-2.js [app-client] (ecmascript) <export default as Music2> was instantiated because it was required from module [project]/src/components/SettingsModal.tsx [app-client] (ecmascript), but the module factory is not available. It might have been deleted in an HMR update.
    at instantiateModule (http://localhost:3000/_next/static/chunks/turbopack-_23a915ee._.js:845:15)
    at getOrInstantiateModuleFromParent (http://localhost:3000/_next/static/chunks/turbopack-_23a915ee._.js:830:12)
    at DevContext.esmImport [as i] (http://localhost:3000/_next/static/chunks/turbopack-_23a915ee._.js:238:20)
    at module evaluation (http://localhost:3000/_next/static/chunks/src_4c58e78b._.js:712:235)
    at http://localhost:3000/_next/static/chunks/turbopack-_23a915ee._.js:879:13
    at runModuleExecutionHooks (http://localhost:3000/_next/static/chunks/turbopack-_23a915ee._.js:904:13)
    at instantiateModule (http://localhost:3000/_next/static/chunks/turbopack-_23a915ee._.js:877:9)
    at getOrInstantiateModuleFromParent (http://localhost:3000/_next/static/chunks/turbopack-_23a915ee._.js:830:12)
    at DevContext.esmImport [as i] (http://localhost:3000/_next/static/chunks/turbopack-_23a915ee._.js:238:20)
    at module evaluation (http://localhost:3000/_next/static/chunks/src_4c58e78b._.js:1854:164)
    at http://localhost:3000/_next/static/chunks/turbopack-_23a915ee._.js:879:13
    at runModuleExecutionHooks (http://localhost:3000/_next/static/chunks/turbopack-_23a915ee._.js:904:13)
    at instantiateModule (http://localhost:3000/_next/static/chunks/turbopack-_23a915ee._.js:877:9)
    at getOrInstantiateModuleFromParent (http://localhost:3000/_next/static/chunks/turbopack-_23a915ee._.js:830:12)
    at DevContext.commonJsRequire [as r] (http://localhost:3000/_next/static/chunks/turbopack-_23a915ee._.js:259:12)
    at requireModule (http://localhost:3000/_next/static/chunks/node_modules_next_dist_compiled_react-server-dom-turbopack_9212ccad._.js:85:84)
    at initializeModuleChunk (http://localhost:3000/_next/static/chunks/node_modules_next_dist_compiled_react-server-dom-turbopack_9212ccad._.js:1078:25)
    at getOutlinedModel (http://localhost:3000/_next/static/chunks/node_modules_next_dist_compiled_react-server-dom-turbopack_9212ccad._.js:1375:17)
    at parseModelString (http://localhost:3000/_next/static/chunks/node_modules_next_dist_compiled_react-server-dom-turbopack_9212ccad._.js:1602:50)
    at Object.<anonymous> (http://localhost:3000/_next/static/chunks/node_modules_next_dist_compiled_react-server-dom-turbopack_9212ccad._.js:2472:51)
    at JSON.parse (<anonymous>)
    at initializeModelChunk (http://localhost:3000/_next/static/chunks/node_modules_next_dist_compiled_react-server-dom-turbopack_9212ccad._.js:1053:30)
    at resolveModelChunk (http://localhost:3000/_next/static/chunks/node_modules_next_dist_compiled_react-server-dom-turbopack_9212ccad._.js:958:43)
    at processFullStringRow (http://localhost:3000/_next/static/chunks/node_modules_next_dist_compiled_react-server-dom-turbopack_9212ccad._.js:2428:126)
    at processFullBinaryRow (http://localhost:3000/_next/static/chunks/node_modules_next_dist_compiled_react-server-dom-turbopack_9212ccad._.js:2348:9)
    at processBinaryChunk (http://localhost:3000/_next/static/chunks/node_modules_next_dist_compiled_react-server-dom-turbopack_9212ccad._.js:2457:221)
    at progress (http://localhost:3000/_next/static/chunks/node_modules_next_dist_compiled_react-server-dom-turbopack_9212ccad._.js:2625:13)
Component Stack:

    at ClientPageRoot (<anonymous>)
    at SegmentViewNode (http://localhost:3000/_next/static/chunks/node_modules_next_dist_f3530cac._.js:3309:28)
    at InnerLayoutRouter (http://localhost:3000/_next/static/chunks/node_modules_next_dist_be32b49c._.js:351:34)
    at RedirectErrorBoundary (http://localhost:3000/_next/static/chunks/node_modules_next_dist_client_17643121._.js:10147:9)
    at RedirectBoundary (http://localhost:3000/_next/static/chunks/node_modules_next_dist_client_17643121._.js:10189:29)
    at HTTPAccessFallbackErrorBoundary (http://localhost:3000/_next/static/chunks/node_modules_next_dist_client_17643121._.js:10575:9)
    at HTTPAccessFallbackBoundary (http://localhost:3000/_next/static/chunks/node_modules_next_dist_client_17643121._.js:10650:39)
    at LoadingBoundary (http://localhost:3000/_next/static/chunks/node_modules_next_dist_be32b49c._.js:433:32)
    at ErrorBoundary (http://localhost:3000/_next/static/chunks/node_modules_next_dist_client_17643121._.js:1096:26)
    at InnerScrollAndFocusHandler (http://localhost:3000/_next/static/chunks/node_modules_next_dist_be32b49c._.js:251:9)
    at ScrollAndFocusHandler (http://localhost:3000/_next/static/chunks/node_modules_next_dist_be32b49c._.js:334:34)
    at RenderFromTemplateContext (http://localhost:3000/_next/static/chunks/node_modules_next_dist_be32b49c._.js:696:44)
    at SegmentStateProvider (http://localhost:3000/_next/static/chunks/node_modules_next_dist_f3530cac._.js:3325:33)
    at OuterLayoutRouter (http://localhost:3000/_next/static/chunks/node_modules_next_dist_be32b49c._.js:469:30)
    at GlobalErrorBoundary (http://localhost:3000/_next/static/chunks/_e37b0a20._.js:16:9)
    at body (<anonymous>)
    at html (<anonymous>)
    at RootLayout [Server] (<anonymous>)
    at SegmentViewNode (http://localhost:3000/_next/static/chunks/node_modules_next_dist_f3530cac._.js:3309:28)
    at __next_root_layout_boundary__ (http://localhost:3000/_next/static/chunks/node_modules_next_dist_f3530cac._.js:1681:64)
    at RedirectErrorBoundary (http://localhost:3000/_next/static/chunks/node_modules_next_dist_client_17643121._.js:10147:9)
    at RedirectBoundary (http://localhost:3000/_next/static/chunks/node_modules_next_dist_client_17643121._.js:10189:29)
    at HTTPAccessFallbackErrorBoundary (http://localhost:3000/_next/static/chunks/node_modules_next_dist_client_17643121._.js:10575:9)
    at HTTPAccessFallbackBoundary (http://localhost:3000/_next/static/chunks/node_modules_next_dist_client_17643121._.js:10650:39)
    at DevRootHTTPAccessFallbackBoundary (http://localhost:3000/_next/static/chunks/node_modules_next_dist_client_17643121._.js:10719:46)
    at AppDevOverlayErrorBoundary (http://localhost:3000/_next/static/chunks/node_modules_next_dist_f3530cac._.js:3420:9)
    at HotReload (http://localhost:3000/_next/static/chunks/node_modules_next_dist_client_17643121._.js:11748:22)
    at Router (http://localhost:3000/_next/static/chunks/node_modules_next_dist_client_17643121._.js:11904:23)
    at ErrorBoundaryHandler (http://localhost:3000/_next/static/chunks/node_modules_next_dist_client_17643121._.js:1030:9)
    at ErrorBoundary (http://localhost:3000/_next/static/chunks/node_modules_next_dist_client_17643121._.js:1096:26)
    at RootErrorBoundary (http://localhost:3000/_next/static/chunks/node_modules_next_dist_client_17643121._.js:10401:30)
    at AppRouter (http://localhost:3000/_next/static/chunks/node_modules_next_dist_client_17643121._.js:12223:22)
    at ServerRoot (http://localhost:3000/_next/static/chunks/node_modules_next_dist_client_17643121._.js:12582:23)
    at Root (http://localhost:3000/_next/static/chunks/node_modules_next_dist_client_17643121._.js:12600:17)
-----------------------------------
